2026-03-31 18:30:56,238 INFO o.a.j.u.JMeterUtils: Setting Locale to en_EN
2026-03-31 18:30:56,255 INFO o.a.j.JMeter: Loading user properties from: /opt/homebrew/Cellar/jmeter/5.6.3/libexec/bin/user.properties
2026-03-31 18:30:56,255 INFO o.a.j.JMeter: Loading system properties from: /opt/homebrew/Cellar/jmeter/5.6.3/libexec/bin/system.properties
2026-03-31 18:30:56,259 INFO o.a.j.JMeter: Copyright (c) 1998-2024 The Apache Software Foundation
2026-03-31 18:30:56,259 INFO o.a.j.JMeter: Version 5.6.3
2026-03-31 18:30:56,259 INFO o.a.j.JMeter: java.version=21.0.10
2026-03-31 18:30:56,259 INFO o.a.j.JMeter: java.vm.name=OpenJDK 64-Bit Server VM
2026-03-31 18:30:56,259 INFO o.a.j.JMeter: os.name=Mac OS X
2026-03-31 18:30:56,259 INFO o.a.j.JMeter: os.arch=aarch64
2026-03-31 18:30:56,259 INFO o.a.j.JMeter: os.version=26.2
2026-03-31 18:30:56,259 INFO o.a.j.JMeter: file.encoding=UTF-8
2026-03-31 18:30:56,259 INFO o.a.j.JMeter: java.awt.headless=null
2026-03-31 18:30:56,259 INFO o.a.j.JMeter: Max memory     =1073741824
2026-03-31 18:30:56,259 INFO o.a.j.JMeter: Available Processors =10
2026-03-31 18:30:56,266 INFO o.a.j.JMeter: Default Locale=English (EN)
2026-03-31 18:30:56,266 INFO o.a.j.JMeter: JMeter  Locale=English (EN)
2026-03-31 18:30:56,266 INFO o.a.j.JMeter: JMeterHome=/opt/homebrew/Cellar/jmeter/5.6.3/libexec
2026-03-31 18:30:56,266 INFO o.a.j.JMeter: user.dir  =/Users/carletts/CATaur
2026-03-31 18:30:56,266 INFO o.a.j.JMeter: PWD       =/Users/carletts/CATaur
2026-03-31 18:30:56,271 INFO o.a.j.JMeter: IP: 127.0.2.2 Name: Scarlett-2.local FullName: connectivity-check.warp-svc
2026-03-31 18:30:56,279 INFO o.a.j.JMeter: Loaded icon properties from org/apache/jmeter/images/icon.properties
2026-03-31 18:30:56,875 INFO o.a.j.JMeterGuiLauncher: Setting LAF to: com.github.weisj.darklaf.DarkLaf:com.github.weisj.darklaf.theme.DarculaTheme
2026-03-31 18:30:57,951 INFO o.a.j.r.ClassFinder: Will scan jar /opt/homebrew/Cellar/jmeter/5.6.3/libexec/lib/ext/jmeter-plugins-manager-1.9.jar with filter ExtendsClassFilter [parents=[interface org.apache.jmeter.gui.action.Command], inner=false, contains=null, notContains=null]. Consider exposing JMeter plugins via META-INF/services, and add JMeter-Skip-Class-Scanning=true manifest attribute so JMeter can skip classfile scanning
2026-03-31 18:30:58,024 INFO o.a.j.r.ClassFinder: Will scan jar /opt/homebrew/Cellar/jmeter/5.6.3/libexec/lib/ext/jmeter-plugins-manager-1.9.jar with filter ExtendsClassFilter [parents=[interface org.apache.jmeter.gui.plugin.MenuCreator], inner=false, contains=null, notContains=null]. Consider exposing JMeter plugins via META-INF/services, and add JMeter-Skip-Class-Scanning=true manifest attribute so JMeter can skip classfile scanning
2026-03-31 18:30:58,078 INFO o.j.r.JARSourceHTTP: Requesting https://jmeter-plugins.org/repo/?installID=mac_os_x-afb4d6d82822d50bf09c856229fcdb04-gui
2026-03-31 18:30:59,155 INFO o.j.r.PluginManager: Plugins Status: [jpgc-plugins-manager=1.9, jmeter-core=5.6.3, jmeter-ftp=5.6.3, jmeter-http=5.6.3, jmeter-jdbc=5.6.3, jmeter-jms=5.6.3, jmeter-junit=5.6.3, jmeter-java=5.6.3, jmeter-ldap=5.6.3, jmeter-mail=5.6.3, jmeter-mongodb=5.6.3, jmeter-native=5.6.3, jmeter-tcp=5.6.3, jmeter-components=5.6.3]
2026-03-31 18:30:59,155 INFO o.j.r.PluginManagerMenuItem: Plugins Manager has upgrades: [jpgc-plugins-manager]
2026-03-31 18:31:31,443 INFO o.a.j.s.FileServer: Default base='/Users/carletts/CATaur'
2026-03-31 18:31:31,445 INFO o.a.j.g.a.Load: Loading file: /Users/carletts/CATaur/performance-tests/jmeter/Thread Group-Auth APIs.jmx
2026-03-31 18:31:31,445 INFO o.a.j.s.FileServer: Set new base='/Users/carletts/CATaur/performance-tests/jmeter'
2026-03-31 18:31:31,546 INFO o.a.j.s.SaveService: Testplan (JMX) version: 2.2. Testlog (JTL) version: 2.2
2026-03-31 18:31:31,550 INFO o.a.j.s.SaveService: Using SaveService properties version 5.0
2026-03-31 18:31:31,551 INFO o.a.j.s.SaveService: Using SaveService properties file encoding UTF-8
2026-03-31 18:31:31,551 INFO o.a.j.s.SaveService: Loading file: /Users/carletts/CATaur/performance-tests/jmeter/Thread Group-Auth APIs.jmx
2026-03-31 18:31:31,604 INFO o.a.j.p.h.s.HTTPSamplerBase: Parser for text/html is org.apache.jmeter.protocol.http.parser.LagartoBasedHtmlParser
2026-03-31 18:31:31,604 INFO o.a.j.p.h.s.HTTPSamplerBase: Parser for application/xhtml+xml is org.apache.jmeter.protocol.http.parser.LagartoBasedHtmlParser
2026-03-31 18:31:31,604 INFO o.a.j.p.h.s.HTTPSamplerBase: Parser for application/xml is org.apache.jmeter.protocol.http.parser.LagartoBasedHtmlParser
2026-03-31 18:31:31,604 INFO o.a.j.p.h.s.HTTPSamplerBase: Parser for text/xml is org.apache.jmeter.protocol.http.parser.LagartoBasedHtmlParser
2026-03-31 18:31:31,604 INFO o.a.j.p.h.s.HTTPSamplerBase: Parser for text/vnd.wap.wml is org.apache.jmeter.protocol.http.parser.RegexpHTMLParser
2026-03-31 18:31:31,604 INFO o.a.j.p.h.s.HTTPSamplerBase: Parser for text/css is org.apache.jmeter.protocol.http.parser.CssParser
2026-03-31 18:31:31,805 INFO o.a.j.s.SampleResult: Note: Sample TimeStamps are START times
2026-03-31 18:31:31,805 INFO o.a.j.s.SampleResult: sampleresult.default.encoding is set to UTF-8
2026-03-31 18:31:31,805 INFO o.a.j.s.SampleResult: sampleresult.useNanoTime=true
2026-03-31 18:31:31,805 INFO o.a.j.s.SampleResult: sampleresult.nanoThreadSleep=5000
2026-03-31 18:31:31,852 INFO o.a.j.r.ClassFinder: Will scan jar /opt/homebrew/Cellar/jmeter/5.6.3/libexec/lib/ext/jmeter-plugins-manager-1.9.jar with filter ExtendsClassFilter [parents=[interface org.apache.jmeter.visualizers.ResultRenderer], inner=false, contains=null, notContains=null]. Consider exposing JMeter plugins via META-INF/services, and add JMeter-Skip-Class-Scanning=true manifest attribute so JMeter can skip classfile scanning
2026-03-31 18:31:31,862 INFO o.a.j.r.ClassFinder: Will scan jar /opt/homebrew/Cellar/jmeter/5.6.3/libexec/lib/ext/jmeter-plugins-manager-1.9.jar with filter ExtendsClassFilter [parents=[interface org.apache.jmeter.visualizers.RequestView], inner=false, contains=null, notContains=null]. Consider exposing JMeter plugins via META-INF/services, and add JMeter-Skip-Class-Scanning=true manifest attribute so JMeter can skip classfile scanning
2026-03-31 18:31:31,882 INFO o.a.j.s.FileServer: Set new base='/Users/carletts/CATaur/performance-tests/jmeter'
