2026-03-26 10:06:51,513 INFO o.a.j.u.JMeterUtils: Setting Locale to en_EN
2026-03-26 10:06:51,533 INFO o.a.j.JMeter: Loading user properties from: /opt/homebrew/Cellar/jmeter/5.6.3/libexec/bin/user.properties
2026-03-26 10:06:51,533 INFO o.a.j.JMeter: Loading system properties from: /opt/homebrew/Cellar/jmeter/5.6.3/libexec/bin/system.properties
2026-03-26 10:06:51,538 INFO o.a.j.JMeter: Copyright (c) 1998-2024 The Apache Software Foundation
2026-03-26 10:06:51,538 INFO o.a.j.JMeter: Version 5.6.3
2026-03-26 10:06:51,538 INFO o.a.j.JMeter: java.version=21.0.10
2026-03-26 10:06:51,538 INFO o.a.j.JMeter: java.vm.name=OpenJDK 64-Bit Server VM
2026-03-26 10:06:51,538 INFO o.a.j.JMeter: os.name=Mac OS X
2026-03-26 10:06:51,538 INFO o.a.j.JMeter: os.arch=aarch64
2026-03-26 10:06:51,538 INFO o.a.j.JMeter: os.version=26.2
2026-03-26 10:06:51,538 INFO o.a.j.JMeter: file.encoding=UTF-8
2026-03-26 10:06:51,538 INFO o.a.j.JMeter: java.awt.headless=null
2026-03-26 10:06:51,538 INFO o.a.j.JMeter: Max memory     =1073741824
2026-03-26 10:06:51,538 INFO o.a.j.JMeter: Available Processors =10
2026-03-26 10:06:51,546 INFO o.a.j.JMeter: Default Locale=English (EN)
2026-03-26 10:06:51,546 INFO o.a.j.JMeter: JMeter  Locale=English (EN)
2026-03-26 10:06:51,546 INFO o.a.j.JMeter: JMeterHome=/opt/homebrew/Cellar/jmeter/5.6.3/libexec
2026-03-26 10:06:51,547 INFO o.a.j.JMeter: user.dir  =/Users/carletts/CATaur/next-client
2026-03-26 10:06:51,547 INFO o.a.j.JMeter: PWD       =/Users/carletts/CATaur/next-client
2026-03-26 10:06:51,549 INFO o.a.j.JMeter: IP: 127.0.0.1 Name: Scarlett-2.local FullName: localhost
2026-03-26 10:06:51,560 INFO o.a.j.JMeter: Loaded icon properties from org/apache/jmeter/images/icon.properties
2026-03-26 10:06:52,704 INFO o.a.j.JMeterGuiLauncher: Setting LAF to: com.github.weisj.darklaf.DarkLaf:com.github.weisj.darklaf.theme.DarculaTheme
2026-03-26 10:06:54,657 INFO o.a.j.r.ClassFinder: Will scan jar /opt/homebrew/Cellar/jmeter/5.6.3/libexec/lib/ext/jmeter-plugins-manager-1.9.jar with filter ExtendsClassFilter [parents=[interface org.apache.jmeter.gui.action.Command], inner=false, contains=null, notContains=null]. Consider exposing JMeter plugins via META-INF/services, and add JMeter-Skip-Class-Scanning=true manifest attribute so JMeter can skip classfile scanning
2026-03-26 10:06:54,792 INFO o.a.j.r.ClassFinder: Will scan jar /opt/homebrew/Cellar/jmeter/5.6.3/libexec/lib/ext/jmeter-plugins-manager-1.9.jar with filter ExtendsClassFilter [parents=[interface org.apache.jmeter.gui.plugin.MenuCreator], inner=false, contains=null, notContains=null]. Consider exposing JMeter plugins via META-INF/services, and add JMeter-Skip-Class-Scanning=true manifest attribute so JMeter can skip classfile scanning
2026-03-26 10:06:54,864 INFO o.j.r.JARSourceHTTP: Requesting https://jmeter-plugins.org/repo/?installID=mac_os_x-1186fe8edc9a42a5078f2e41f82dc4cc-gui
2026-03-26 10:06:56,582 INFO o.j.r.PluginManager: Plugins Status: [jpgc-plugins-manager=1.9, jmeter-core=5.6.3, jmeter-ftp=5.6.3, jmeter-http=5.6.3, jmeter-jdbc=5.6.3, jmeter-jms=5.6.3, jmeter-junit=5.6.3, jmeter-java=5.6.3, jmeter-ldap=5.6.3, jmeter-mail=5.6.3, jmeter-mongodb=5.6.3, jmeter-native=5.6.3, jmeter-tcp=5.6.3, jmeter-components=5.6.3]
2026-03-26 10:06:56,583 INFO o.j.r.PluginManagerMenuItem: Plugins Manager has upgrades: [jpgc-plugins-manager]
2026-03-26 10:12:46,291 INFO o.a.j.s.FileServer: Default base='/Users/carletts/CATaur/next-client'
2026-03-26 10:12:46,301 INFO o.a.j.g.a.Load: Loading file: /Users/carletts/CATaur/performance-tests/jmeter/Thread Group-Auth APIs.jmx
2026-03-26 10:12:46,302 INFO o.a.j.s.FileServer: Set new base='/Users/carletts/CATaur/performance-tests/jmeter'
2026-03-26 10:12:46,516 INFO o.a.j.s.SaveService: Testplan (JMX) version: 2.2. Testlog (JTL) version: 2.2
2026-03-26 10:12:46,522 INFO o.a.j.s.SaveService: Using SaveService properties version 5.0
2026-03-26 10:12:46,523 INFO o.a.j.s.SaveService: Using SaveService properties file encoding UTF-8
2026-03-26 10:12:46,524 INFO o.a.j.s.SaveService: Loading file: /Users/carletts/CATaur/performance-tests/jmeter/Thread Group-Auth APIs.jmx
2026-03-26 10:12:46,596 INFO o.a.j.p.h.s.HTTPSamplerBase: Parser for text/html is org.apache.jmeter.protocol.http.parser.LagartoBasedHtmlParser
2026-03-26 10:12:46,596 INFO o.a.j.p.h.s.HTTPSamplerBase: Parser for application/xhtml+xml is org.apache.jmeter.protocol.http.parser.LagartoBasedHtmlParser
2026-03-26 10:12:46,596 INFO o.a.j.p.h.s.HTTPSamplerBase: Parser for application/xml is org.apache.jmeter.protocol.http.parser.LagartoBasedHtmlParser
2026-03-26 10:12:46,596 INFO o.a.j.p.h.s.HTTPSamplerBase: Parser for text/xml is org.apache.jmeter.protocol.http.parser.LagartoBasedHtmlParser
2026-03-26 10:12:46,596 INFO o.a.j.p.h.s.HTTPSamplerBase: Parser for text/vnd.wap.wml is org.apache.jmeter.protocol.http.parser.RegexpHTMLParser
2026-03-26 10:12:46,596 INFO o.a.j.p.h.s.HTTPSamplerBase: Parser for text/css is org.apache.jmeter.protocol.http.parser.CssParser
2026-03-26 10:12:46,911 INFO o.a.j.s.SampleResult: Note: Sample TimeStamps are START times
2026-03-26 10:12:46,912 INFO o.a.j.s.SampleResult: sampleresult.default.encoding is set to UTF-8
2026-03-26 10:12:46,912 INFO o.a.j.s.SampleResult: sampleresult.useNanoTime=true
2026-03-26 10:12:46,912 INFO o.a.j.s.SampleResult: sampleresult.nanoThreadSleep=5000
2026-03-26 10:12:46,987 INFO o.a.j.r.ClassFinder: Will scan jar /opt/homebrew/Cellar/jmeter/5.6.3/libexec/lib/ext/jmeter-plugins-manager-1.9.jar with filter ExtendsClassFilter [parents=[interface org.apache.jmeter.visualizers.ResultRenderer], inner=false, contains=null, notContains=null]. Consider exposing JMeter plugins via META-INF/services, and add JMeter-Skip-Class-Scanning=true manifest attribute so JMeter can skip classfile scanning
2026-03-26 10:12:47,001 INFO o.a.j.r.ClassFinder: Will scan jar /opt/homebrew/Cellar/jmeter/5.6.3/libexec/lib/ext/jmeter-plugins-manager-1.9.jar with filter ExtendsClassFilter [parents=[interface org.apache.jmeter.visualizers.RequestView], inner=false, contains=null, notContains=null]. Consider exposing JMeter plugins via META-INF/services, and add JMeter-Skip-Class-Scanning=true manifest attribute so JMeter can skip classfile scanning
2026-03-26 10:12:47,030 INFO o.a.j.s.FileServer: Set new base='/Users/carletts/CATaur/performance-tests/jmeter'
2026-03-26 10:19:11,536 INFO o.a.j.e.StandardJMeterEngine: Running the test!
2026-03-26 10:19:11,537 INFO o.a.j.s.SampleEvent: List of sample_variables: []
2026-03-26 10:19:11,537 INFO o.a.j.s.SampleEvent: List of sample_variables: []
2026-03-26 10:19:11,538 INFO o.a.j.e.u.CompoundVariable: Note: Function class names must contain the string: '.functions.'
2026-03-26 10:19:11,538 INFO o.a.j.e.u.CompoundVariable: Note: Function class names must not contain the string: '.gui.'
2026-03-26 10:19:11,565 INFO o.a.j.r.ClassFinder: Will scan jar /opt/homebrew/Cellar/jmeter/5.6.3/libexec/lib/ext/jmeter-plugins-manager-1.9.jar with filter ExtendsClassFilter [parents=[interface org.apache.jmeter.functions.Function], inner=false, contains=null, notContains=null]. Consider exposing JMeter plugins via META-INF/services, and add JMeter-Skip-Class-Scanning=true manifest attribute so JMeter can skip classfile scanning
2026-03-26 10:19:11,570 INFO o.a.j.g.u.JMeterMenuBar: setRunning(true, *local*)
2026-03-26 10:19:11,701 INFO o.a.j.e.StandardJMeterEngine: Starting ThreadGroup: 1 : Thread Group-Auth APIs
2026-03-26 10:19:11,701 INFO o.a.j.e.StandardJMeterEngine: Starting 1 threads for group Thread Group-Auth APIs.
2026-03-26 10:19:11,701 INFO o.a.j.e.StandardJMeterEngine: Thread will continue on error
2026-03-26 10:19:11,702 INFO o.a.j.t.ThreadGroup: Starting thread group... number=1 threads=1 ramp-up=1 delayedStart=false
2026-03-26 10:19:11,704 INFO o.a.j.t.ThreadGroup: Started thread group number 1
2026-03-26 10:19:11,704 INFO o.a.j.e.StandardJMeterEngine: All thread groups have been started
2026-03-26 10:19:11,705 INFO o.a.j.t.JMeterThread: Thread started: Thread Group-Auth APIs 1-1
2026-03-26 10:19:11,714 INFO o.a.j.p.h.s.HTTPHCAbstractImpl: Local host = Scarlett-2.local
2026-03-26 10:19:11,719 INFO o.a.j.p.h.s.HTTPHC4Impl: HTTP request retry count = 0
2026-03-26 10:19:12,031 INFO o.a.j.p.h.s.h.LazyLayeredConnectionSocketFactory: Setting up HTTPS TrustAll Socket Factory
2026-03-26 10:19:12,040 INFO o.a.j.u.JsseSSLManager: Using default SSL protocol: TLS
2026-03-26 10:19:12,041 INFO o.a.j.u.JsseSSLManager: SSL session context: per-thread
2026-03-26 10:19:12,154 INFO o.a.j.u.SSLManager: JmeterKeyStore Location:  type JKS
2026-03-26 10:19:12,155 INFO o.a.j.u.SSLManager: KeyStore created OK
2026-03-26 10:19:12,155 WARN o.a.j.u.SSLManager: Keystore file not found, loading empty keystore
2026-03-26 10:19:12,361 INFO o.a.j.t.JMeterThread: Thread is done: Thread Group-Auth APIs 1-1
2026-03-26 10:19:12,361 INFO o.a.j.t.JMeterThread: Thread finished: Thread Group-Auth APIs 1-1
2026-03-26 10:19:12,362 INFO o.a.j.e.StandardJMeterEngine: Notifying test listeners of end of test
2026-03-26 10:19:12,362 INFO o.a.j.g.u.JMeterMenuBar: setRunning(false, *local*)
2026-03-26 10:33:05,205 INFO o.a.j.e.StandardJMeterEngine: Running the test!
2026-03-26 10:33:05,207 INFO o.a.j.s.SampleEvent: List of sample_variables: []
2026-03-26 10:33:05,207 INFO o.a.j.g.u.JMeterMenuBar: setRunning(true, *local*)
2026-03-26 10:33:05,281 INFO o.a.j.e.StandardJMeterEngine: Starting ThreadGroup: 1 : Thread Group-Auth APIs
2026-03-26 10:33:05,281 INFO o.a.j.e.StandardJMeterEngine: Starting 1 threads for group Thread Group-Auth APIs.
2026-03-26 10:33:05,281 INFO o.a.j.e.StandardJMeterEngine: Thread will continue on error
2026-03-26 10:33:05,281 INFO o.a.j.t.ThreadGroup: Starting thread group... number=1 threads=1 ramp-up=1 delayedStart=false
2026-03-26 10:33:05,282 INFO o.a.j.t.ThreadGroup: Started thread group number 1
2026-03-26 10:33:05,282 INFO o.a.j.e.StandardJMeterEngine: All thread groups have been started
2026-03-26 10:33:05,282 INFO o.a.j.t.JMeterThread: Thread started: Thread Group-Auth APIs 1-1
2026-03-26 10:33:07,283 INFO o.a.j.t.JMeterThread: Thread is done: Thread Group-Auth APIs 1-1
2026-03-26 10:33:07,283 INFO o.a.j.t.JMeterThread: Thread finished: Thread Group-Auth APIs 1-1
2026-03-26 10:33:07,284 INFO o.a.j.e.StandardJMeterEngine: Notifying test listeners of end of test
2026-03-26 10:33:07,284 INFO o.a.j.g.u.JMeterMenuBar: setRunning(false, *local*)
2026-03-26 10:33:21,584 INFO o.a.j.e.StandardJMeterEngine: Running the test!
2026-03-26 10:33:21,585 INFO o.a.j.s.SampleEvent: List of sample_variables: []
2026-03-26 10:33:21,585 INFO o.a.j.g.u.JMeterMenuBar: setRunning(true, *local*)
2026-03-26 10:33:21,640 INFO o.a.j.e.StandardJMeterEngine: Starting ThreadGroup: 1 : Thread Group-Auth APIs
2026-03-26 10:33:21,640 INFO o.a.j.e.StandardJMeterEngine: Starting 1 threads for group Thread Group-Auth APIs.
2026-03-26 10:33:21,640 INFO o.a.j.e.StandardJMeterEngine: Thread will continue on error
2026-03-26 10:33:21,640 INFO o.a.j.t.ThreadGroup: Starting thread group... number=1 threads=1 ramp-up=1 delayedStart=false
2026-03-26 10:33:21,640 INFO o.a.j.t.ThreadGroup: Started thread group number 1
2026-03-26 10:33:21,641 INFO o.a.j.e.StandardJMeterEngine: All thread groups have been started
2026-03-26 10:33:21,641 INFO o.a.j.t.JMeterThread: Thread started: Thread Group-Auth APIs 1-1
2026-03-26 10:33:23,258 INFO o.a.j.t.JMeterThread: Thread is done: Thread Group-Auth APIs 1-1
2026-03-26 10:33:23,258 INFO o.a.j.t.JMeterThread: Thread finished: Thread Group-Auth APIs 1-1
2026-03-26 10:33:23,259 INFO o.a.j.e.StandardJMeterEngine: Notifying test listeners of end of test
2026-03-26 10:33:23,259 INFO o.a.j.g.u.JMeterMenuBar: setRunning(false, *local*)
